// Jest Snapshot v1, https://goo.gl/fbAQLP

exports[`Header component should render correctly 1`] = `
<div
  className="header-container"
>
  <Link
    className="home-link"
    to="/"
  >
    SoftUni React.js course
  </Link>
  <Link
    className="checkout-link"
    to="/checkout"
  >
    Checkout
  </Link>
  <input
    onChange={[Function]}
    placeholder="Search..."
    value=""
  />
</div>
`;
